  Determining projects to restore...
C:\Users\Yash Gajjar\.gemini\antigravity\scratch\GymManagementSystem\GymManagement.API\GymManagement.API.csproj : warning NU1510: PackageReference Microsoft.AspNetCore.Authentication.Cookies will not be pruned. Consider removing this package from your dependencies, as it is likely unnecessary.
  All projects are up-to-date for restore.
C:\Users\Yash Gajjar\.gemini\antigravity\scratch\GymManagementSystem\GymManagement.API\GymManagement.API.csproj : warning NU1510: PackageReference Microsoft.AspNetCore.Authentication.Cookies will not be pruned. Consider removing this package from your dependencies, as it is likely unnecessary.
  GymManagement.Core -> C:\Users\Yash Gajjar\.gemini\antigravity\scratch\GymManagementSystem\GymManagement.Core\bin\Debug\net10.0\GymManagement.Core.dll
  GymManagement.Infrastructure -> C:\Users\Yash Gajjar\.gemini\antigravity\scratch\GymManagementSystem\GymManagement.Infrastructure\bin\Debug\net10.0\GymManagement.Infrastructure.dll
C:\Users\Yash Gajjar\.gemini\antigravity\scratch\GymManagementSystem\GymManagement.API\Program.cs(13,18): error CS1061: 'IServiceCollection' does not contain a definition for 'AddSwaggerGen' and no accessible extension method 'AddSwaggerGen' accepting a first argument of type 'IServiceCollection' could be found (are you missing a using directive or an assembly reference?) [C:\Users\Yash Gajjar\.gemini\antigravity\scratch\GymManagementSystem\GymManagement.API\GymManagement.API.csproj]
C:\Users\Yash Gajjar\.gemini\antigravity\scratch\GymManagementSystem\GymManagement.API\Program.cs(55,9): error CS1061: 'WebApplication' does not contain a definition for 'UseSwagger' and no accessible extension method 'UseSwagger' accepting a first argument of type 'WebApplication' could be found (are you missing a using directive or an assembly reference?) [C:\Users\Yash Gajjar\.gemini\antigravity\scratch\GymManagementSystem\GymManagement.API\GymManagement.API.csproj]
C:\Users\Yash Gajjar\.gemini\antigravity\scratch\GymManagementSystem\GymManagement.API\Program.cs(56,9): error CS1061: 'WebApplication' does not contain a definition for 'UseSwaggerUI' and no accessible extension method 'UseSwaggerUI' accepting a first argument of type 'WebApplication' could be found (are you missing a using directive or an assembly reference?) [C:\Users\Yash Gajjar\.gemini\antigravity\scratch\GymManagementSystem\GymManagement.API\GymManagement.API.csproj]

Build FAILED.

C:\Users\Yash Gajjar\.gemini\antigravity\scratch\GymManagementSystem\GymManagement.API\GymManagement.API.csproj : warning NU1510: PackageReference Microsoft.AspNetCore.Authentication.Cookies will not be pruned. Consider removing this package from your dependencies, as it is likely unnecessary.
C:\Users\Yash Gajjar\.gemini\antigravity\scratch\GymManagementSystem\GymManagement.API\GymManagement.API.csproj : warning NU1510: PackageReference Microsoft.AspNetCore.Authentication.Cookies will not be pruned. Consider removing this package from your dependencies, as it is likely unnecessary.
C:\Users\Yash Gajjar\.gemini\antigravity\scratch\GymManagementSystem\GymManagement.API\Program.cs(13,18): error CS1061: 'IServiceCollection' does not contain a definition for 'AddSwaggerGen' and no accessible extension method 'AddSwaggerGen' accepting a first argument of type 'IServiceCollection' could be found (are you missing a using directive or an assembly reference?) [C:\Users\Yash Gajjar\.gemini\antigravity\scratch\GymManagementSystem\GymManagement.API\GymManagement.API.csproj]
C:\Users\Yash Gajjar\.gemini\antigravity\scratch\GymManagementSystem\GymManagement.API\Program.cs(55,9): error CS1061: 'WebApplication' does not contain a definition for 'UseSwagger' and no accessible extension method 'UseSwagger' accepting a first argument of type 'WebApplication' could be found (are you missing a using directive or an assembly reference?) [C:\Users\Yash Gajjar\.gemini\antigravity\scratch\GymManagementSystem\GymManagement.API\GymManagement.API.csproj]
C:\Users\Yash Gajjar\.gemini\antigravity\scratch\GymManagementSystem\GymManagement.API\Program.cs(56,9): error CS1061: 'WebApplication' does not contain a definition for 'UseSwaggerUI' and no accessible extension method 'UseSwaggerUI' accepting a first argument of type 'WebApplication' could be found (are you missing a using directive or an assembly reference?) [C:\Users\Yash Gajjar\.gemini\antigravity\scratch\GymManagementSystem\GymManagement.API\GymManagement.API.csproj]
    2 Warning(s)
    3 Error(s)

Time Elapsed 00:00:01.99
